Wed Oct 27 2021 08:33:54 GMT-0300 (-03) - WARNING: Disconnected SESSION {1xzNx7dvcxz_KBlIBQHs}, but wasn't user neither client!
